<html>
<body>
<pre>
<h1>µVision Build Log</h1>
<h2>Project:</h2>
E:\Escritorio\F4_Serial\F4_Serial.uvproj
Project File Date:  04/22/2017

<h2>Output:</h2>
Rebuild target 'F4_Serial'
assembling startup_stm32f40_41xxx.s...
compiling system_stm32f4xx.c...
assembling _delay_ms.s...
assembling _delay_us.s...
compiling USART2.c...
compiling main.c...
linking...
Program Size: Code=1280 RO-data=424 RW-data=152 ZI-data=1632  
".\Output\F4_Serial.axf" - 0 Error(s), 0 Warning(s).
Load "E:\\Escritorio\\F4_Serial\\Output\\F4_Serial.axf" 
Erase Done.
Programming Done.
Verify OK.
Load "E:\\Escritorio\\F4_Serial\\Output\\F4_Serial.axf" 
Erase Done.
Programming Done.
Verify OK.
iled  -  Target DLL has been cancelled
